24 19 1 5 25 15 6 14 0 5 2 13 0 7 1 11 0 1222 12 15 -1 13 0 7 1 11 0 3 1 0 2 12 13 0 8 1 0 1 12 15 -1 13 0 7 1 11 22 15 -1 0 0 21 9