24 19 1 5 25 15 1 15 1 13 0 1 1 0 0 12 15 -1 13 0 2 1 0 1 0 1 1 15 -1 13 0 1 1 13 0 1 1 11 0 1 1 12 12 15 -1 13 0 2 1 11 22 15 -1 13 0 1 1 11 13 11 7 18 18 13 0 1 1 0 0 12 15 -1 0 1 13 0 1 1 13 0 1 1 11 0 1 1 12 15 -2 13 0 1 1 11 22 15 -1 13 0 1 1 11 13 11 7 18 72 13 0 1 1 0 20 12 15 -1 0 1 13 0 1 1 13 0 1 1 11 0 1 2 12 15 -2 13 0 1 1 11 22 15 -1 13 0 1 1 11 13 11 10 7 18 116 13 0 1 1 0 20 12 15 -1 13 0 2 1 0 1 0 1 2 15 -1 13 0 1 1 13 0 1 1 11 0 1 2 12 12 15 -1 13 0 2 1 11 22 15 -1 13 0 1 1 11 13 11 10 7 18 161 21 2