24 19 1 5 25 15 1 13 0 1 1 27 51 12 15 -1 13 0 1 1 11 23 21 2