24 19 0 29 25 13 11 0 1 6 17 16 0 1 21 1 13 11 13 11 0 1 2 19 1 5 3 21 1 15 1 13 0 4 12 15 -1 13 11 19 1 5 22