24 19 1 5 25 13 0 1 1 0 7 12 13 0 2 1 27 99 12 13 0 3 1 26 1095048888 12 13 0 1 1 11 22 15 -1 13 0 2 1 11 23 15 -1 13 0 3 1 11 31 21 4