24 19 1 5 25 15 10 14 0 9 2 13 0 11 1 11 0 3 1 0 1 12 15 -1 13 0 11 1 11 0 4 1 0 2 12 15 -1 13 0 11 1 11 0 5 1 0 3 12 15 -1 13 0 11 1 11 0 6 1 0 4 12 15 -1 13 0 11 1 11 0 7 1 0 1 12 15 1 13 0 12 1 13 0 11 1 11 0 3 1 11 12 15 -1 16 140 13 0 12 1 13 0 11 1 11 0 3 1 11 13 0 13 1 11 1 11 12 15 -1 13 0 13 1 13 0 13 1 11 0 1 1 12 15 -1 13 0 12 1 11 22 15 -1 13 0 13 1 11 0 7 6 17 94 13 0 13 1 0 3 12 21 14 21 13