24 19 1 5 25 15 1 13 0 1 1 0 61730 12 15 -1 13 0 1 1 11 22 13 0 2 1 0 10 12 15 -1 13 0 2 1 11 22 21 3