24 19 1 5 25 15 1 13 0 1 1 0 0 12 15 -1 13 0 1 1 11 22 15 -1 13 0 1 1 13 0 1 1 11 0 1 1 12 15 -1 13 0 1 1 11 13 11 10 7 17 16 21 1